// Jest Snapshot v1, https://goo.gl/fbAQLP

exports[`Tests for Quote component Render Quote page 1`] = `
Object {
  "asFragment": [Function],
  "baseElement": <body>
    <div>
      <section
        class="quote flex flex-col items-center justify-center mt-7 p-12 space-y-10"
      >
        <figure>
          <blockquote>
            <p>
              "
              Go down deep enough into anything and you will find mathematics.
               
              "
            </p>
          </blockquote>
          <figcaption>
            —
            Dean Schlicter
          </figcaption>
        </figure>
        <button
          class="p-3 font-stange font-semibold bg-slate-600 text-white uppercase rounded-md hover:bg-white hover:text-slate-600"
          data-mdb-ripple="true"
          data-mdb-ripple-color="dark"
          type="button"
        >
          Get Random Quote
        </button>
      </section>
    </div>
  </body>,
  "container": <div>
    <section
      class="quote flex flex-col items-center justify-center mt-7 p-12 space-y-10"
    >
      <figure>
        <blockquote>
          <p>
            "
            Go down deep enough into anything and you will find mathematics.
             
            "
          </p>
        </blockquote>
        <figcaption>
          —
          Dean Schlicter
        </figcaption>
      </figure>
      <button
        class="p-3 font-stange font-semibold bg-slate-600 text-white uppercase rounded-md hover:bg-white hover:text-slate-600"
        data-mdb-ripple="true"
        data-mdb-ripple-color="dark"
        type="button"
      >
        Get Random Quote
      </button>
    </section>
  </div>,
  "debug": [Function],
  "findAllByAltText": [Function],
  "findAllByDisplayValue": [Function],
  "findAllByLabelText": [Function],
  "findAllByPlaceholderText": [Function],
  "findAllByRole": [Function],
  "findAllByTestId": [Function],
  "findAllByText": [Function],
  "findAllByTitle": [Function],
  "findByAltText": [Function],
  "findByDisplayValue": [Function],
  "findByLabelText": [Function],
  "findByPlaceholderText": [Function],
  "findByRole": [Function],
  "findByTestId": [Function],
  "findByText": [Function],
  "findByTitle": [Function],
  "getAllByAltText": [Function],
  "getAllByDisplayValue": [Function],
  "getAllByLabelText": [Function],
  "getAllByPlaceholderText": [Function],
  "getAllByRole": [Function],
  "getAllByTestId": [Function],
  "getAllByText": [Function],
  "getAllByTitle": [Function],
  "getByAltText": [Function],
  "getByDisplayValue": [Function],
  "getByLabelText": [Function],
  "getByPlaceholderText": [Function],
  "getByRole": [Function],
  "getByTestId": [Function],
  "getByText": [Function],
  "getByTitle": [Function],
  "queryAllByAltText": [Function],
  "queryAllByDisplayValue": [Function],
  "queryAllByLabelText": [Function],
  "queryAllByPlaceholderText": [Function],
  "queryAllByRole": [Function],
  "queryAllByTestId": [Function],
  "queryAllByText": [Function],
  "queryAllByTitle": [Function],
  "queryByAltText": [Function],
  "queryByDisplayValue": [Function],
  "queryByLabelText": [Function],
  "queryByPlaceholderText": [Function],
  "queryByRole": [Function],
  "queryByTestId": [Function],
  "queryByText": [Function],
  "queryByTitle": [Function],
  "rerender": [Function],
  "unmount": [Function],
}
`;
